// Jest Snapshot v1, https://goo.gl/fbAQLP

exports[`GameArtist correctly renders 1`] = `
<section
  className="game game--artist"
>
  <header
    className="game__header"
  >
    <a
      className="game__back"
      href="#"
    >
      <span
        className="visually-hidden"
      >
        Сыграть ещё раз
      </span>
      <img
        alt="Угадай мелодию"
        className="game__logo"
        src="img/melody-logo-ginger.png"
      />
    </a>
    <svg
      viewBox="0 0 780 780"
      xmlns="http://www.w3.org/2000/svg"
    >
      <circle
        cx="390"
        cy="390"
        filter="url(#blur)"
        r="370"
        style={
          Object {
            "MsTransformOrigin": "center",
            "WebkitTransformOrigin": "center",
            "transformOrigin": "center",
          }
        }
      />
    </svg>
    <div
      className="timer__value"
      xmlns="http://www.w3.org/1999/xhtml"
    >
      <span
        className="timer__mins"
      >
        0
      </span>
      <span
        className="timer__dots"
      >
        :
      </span>
      <span
        className="timer__secs"
      >
        00
      </span>
    </div>
    <div
      className="game__mistakes"
    />
  </header>
  <section
    className="game__screen"
  >
    <h2
      className="game__title"
    >
      Кто исполняет эту песню?
    </h2>
    <div
      className="game__track"
    >
      <button
        className="track__button track__button--play"
        disabled={true}
        onClick={[Function]}
        type="button"
      />
      <div
        className="track__status"
      >
        <audio />
      </div>
    </div>
    <form
      className="game__artist"
      onChange={[Function]}
    >
      <div
        className="artist"
      >
        <input
          className="artist__input visually-hidden"
          id="artist-0"
          name="answer"
          type="radio"
          value="artist-0"
        />
        <label
          className="artist__name"
          htmlFor="artist-0"
        >
          <img
            alt="Quincas Moreira"
            className="artist__picture"
            src="https://es31-server.appspot.com/guess-melody/static/artist/Quincas_Moreira.jpg"
          />
          Quincas Moreira
        </label>
      </div>
      <div
        className="artist"
      >
        <input
          className="artist__input visually-hidden"
          id="artist-1"
          name="answer"
          type="radio"
          value="artist-1"
        />
        <label
          className="artist__name"
          htmlFor="artist-1"
        >
          <img
            alt="Density & Time"
            className="artist__picture"
            src="https://es31-server.appspot.com/guess-melody/static/artist/Density_n_Time.jpg"
          />
          Density & Time
        </label>
      </div>
      <div
        className="artist"
      >
        <input
          className="artist__input visually-hidden"
          id="artist-2"
          name="answer"
          type="radio"
          value="artist-2"
        />
        <label
          className="artist__name"
          htmlFor="artist-2"
        >
          <img
            alt="Endless Love"
            className="artist__picture"
            src="https://es31-server.appspot.com/guess-melody/static/artist/Endless_Love.jpg"
          />
          Endless Love
        </label>
      </div>
    </form>
  </section>
</section>
`;
