// Jest Snapshot v1, https://goo.gl/fbAQLP

exports[`GameGenre correctly renders 1`] = `
<section
  className="game game--genre"
>
  <header
    className="game__header"
  >
    <a
      className="game__back"
      href="#"
    >
      <span
        className="visually-hidden"
      >
        Сыграть ещё раз
      </span>
      <img
        alt="Угадай мелодию"
        className="game__logo"
        src="img/melody-logo-ginger.png"
      />
    </a>
    <svg
      viewBox="0 0 780 780"
      xmlns="http://www.w3.org/2000/svg"
    >
      <circle
        cx="390"
        cy="390"
        filter="url(#blur)"
        r="370"
        style={
          Object {
            "MsTransformOrigin": "center",
            "WebkitTransformOrigin": "center",
            "transformOrigin": "center",
          }
        }
      />
    </svg>
    <div
      className="timer__value"
      xmlns="http://www.w3.org/1999/xhtml"
    >
      <span
        className="timer__mins"
      >
        0
      </span>
      <span
        className="timer__dots"
      >
        :
      </span>
      <span
        className="timer__secs"
      >
        00
      </span>
    </div>
    <div
      className="game__mistakes"
    />
  </header>
  <section
    className="game__screen"
  >
    <h2
      className="game__title"
    >
      Выберите 
      reggae
       треки
    </h2>
    <form
      className="game__tracks"
      onSubmit={[Function]}
    >
      <div
        className="track"
      >
        <button
          className="track__button track__button--play"
          disabled={true}
          onClick={[Function]}
          type="button"
        />
        <div
          className="track__status"
        >
          <audio />
        </div>
        <div
          className="game__answer"
        >
          <input
            className="game__input visually-hidden"
            id="artist-0"
            name="answer"
            type="checkbox"
            value="artist-0"
          />
          <label
            className="game__check"
            htmlFor="artist-0"
          >
            Отметить
          </label>
        </div>
      </div>
      <div
        className="track"
      >
        <button
          className="track__button track__button--play"
          disabled={true}
          onClick={[Function]}
          type="button"
        />
        <div
          className="track__status"
        >
          <audio />
        </div>
        <div
          className="game__answer"
        >
          <input
            className="game__input visually-hidden"
            id="artist-1"
            name="answer"
            type="checkbox"
            value="artist-1"
          />
          <label
            className="game__check"
            htmlFor="artist-1"
          >
            Отметить
          </label>
        </div>
      </div>
      <div
        className="track"
      >
        <button
          className="track__button track__button--play"
          disabled={true}
          onClick={[Function]}
          type="button"
        />
        <div
          className="track__status"
        >
          <audio />
        </div>
        <div
          className="game__answer"
        >
          <input
            className="game__input visually-hidden"
            id="artist-2"
            name="answer"
            type="checkbox"
            value="artist-2"
          />
          <label
            className="game__check"
            htmlFor="artist-2"
          >
            Отметить
          </label>
        </div>
      </div>
      <div
        className="track"
      >
        <button
          className="track__button track__button--play"
          disabled={true}
          onClick={[Function]}
          type="button"
        />
        <div
          className="track__status"
        >
          <audio />
        </div>
        <div
          className="game__answer"
        >
          <input
            className="game__input visually-hidden"
            id="artist-3"
            name="answer"
            type="checkbox"
            value="artist-3"
          />
          <label
            className="game__check"
            htmlFor="artist-3"
          >
            Отметить
          </label>
        </div>
      </div>
      <button
        className="game__submit button"
        type="submit"
      >
        Ответить
      </button>
    </form>
  </section>
</section>
`;
